```yaml
///▙▖▙▖▞▞▙▂▂▂▂▂▂▂▂▂▂▂▂▂▂▂▂▂▂▂▂
▛//▞▞ ⟦⎊⟧ :: ⧗-25.58 // ROUTING.MAP ▞▞
▞//▞ Glyphbit.Map :: ρ{routing}.φ{SYNTH}.τ{Navigator}.λ{map} ⫸
▙⌱[🗺️] ≔ [⊢{input}⇨{route}⟿{map}▷{destination}]
〔glyphbit.routing〕 :: ∎

# 🗺️ GLYPHBIT ROUTING MAP

## Forge Workflow
forge_flow:
  input: "Semantic concept"
  design: "Visual representation"
  encode: "Unicode/symbol selection"
  test: "Cross-platform rendering"
  register: "(CAT.2) Registry/"
  deploy: "Make available for use"
  monitor: "(CAT.3) Analytics/"
  transmit: "0ut.3ox → TP.OPS"

## File Routing
glyph_storage:
  forge_workspace: "!WORK.DESK/"
  active_glyphs: "(CAT.1) Forge/"
  registry_database: "(CAT.2) Registry/GLYPH.REGISTRY.yaml"
  analytics_logs: "(CAT.3) Analytics/HEALTH.LOGS.yaml"

output_routing:
  local_logs: ".3ox/FORGE.LOG.txt"
  health_reports: ".3ox/HEALTH.REPORT.yaml"
  transmission: ".3ox/0ut.3ox"

## Upward Transmission
transmission_flow:
  source: "Glyphbit/.3ox/0ut.3ox"
  immediate_target: "!TP.OPS/.3ox/"
  ultimate_target: "CMD.BRIDGE"
  log_to: "!BASE.OPERATIONS/DECKVIEW/!CAPTAINS.LOG.txt"  # Major events only

## Data Categories
glyph_types:
  structural:
    storage: "(CAT.2) Registry/STRUCTURAL.yaml"
    examples: ["▛//▞▞", "▙⌱", "〘・.°𝚫〙"]
  
  semantic:
    storage: "(CAT.2) Registry/SEMANTIC.yaml"
    examples: ["⧗", "⊢", "⇨", "⟿", "▷"]
  
  emotional:
    storage: "(CAT.2) Registry/EMOTIONAL.yaml"
    examples: ["✅", "⚠️", "🎯", "🌟"]

## Health Monitoring Routes
health_checks:
  usage_tracking: "(CAT.3) Analytics/USAGE.yaml"
  clarity_scores: "(CAT.3) Analytics/CLARITY.yaml"
  render_tests: "(CAT.3) Analytics/RENDER.yaml"
  issues_log: "(CAT.3) Analytics/ISSUES.yaml"

## Transmission Triggers
transmit_on:
  - event: "new_glyph_created"
    priority: "normal"
  
  - event: "health_issue_detected"
    priority: "high"
  
  - event: "daily_summary"
    priority: "normal"
  
  - event: "manual_request"
    priority: "immediate"

//▙▖▙▖▞▞▙▂▂▂▂▂▂▂▂▂▂▂▂▂▂▂▂▂▂▂〘・.°𝚫〙
```

