# //▞▞⋮⋮ VEC3/VAR/STATUS.REF :: Battle.3ox Current Status ▞▞
# Current system status snapshot
# Version: 1.0.0
# Updated: ⧗-26.181
# INTENT: Overwrite allowed - current state snapshot

▛// STATUS SNAPSHOT

status = "ready"
last_battle = null
contestants_ready = false
scoreboard_initialized = false

▛// RUNTIME STATE

current_phase = "idle"
active_tasks = 0
completed_tasks = 0

:: ∎
